building the system configuration...
these 4 derivations will be built:
  /nix/store/p02zrzdwdqzc8bwbl3hyyxd0sjvjzcp1-users-groups.json.drv
  /nix/store/0bx7j0vwvnh487nnpqf344bq84hvp0b7-dry-activate.drv
  /nix/store/3bxm4nckf6ms3p62bbpf119hi9rn6n6p-activate.drv
  /nix/store/2jcx6q1xkb1rin853r14ig9hg8zkjarf-nixos-system-nixos-26.11.20260905.c043004.drv
building '/nix/store/p02zrzdwdqzc8bwbl3hyyxd0sjvjzcp1-users-groups.json.drv'...
building '/nix/store/3bxm4nckf6ms3p62bbpf119hi9rn6n6p-activate.drv'...
building '/nix/store/0bx7j0vwvnh487nnpqf344bq84hvp0b7-dry-activate.drv'...
building '/nix/store/2jcx6q1xkb1rin853r14ig9hg8zkjarf-nixos-system-nixos-26.11.20260905.c043004.drv'...
Checking switch inhibitors... done
Skipping "/boot/EFI/systemd/systemd-bootx64.efi", same boot loader version in place already.
Skipping "/boot/EFI/BOOT/BOOTX64.EFI", same boot loader version in place already.
activating the configuration...
setting up /etc...
reloading user units for slider...
restarting the following user units: nixos-activation.service
restarting sysinit-reactivation.target
the following new units were started: libvirtd.service, NetworkManager-dispatcher.service
Done. The new configuration is /nix/store/q08rysq9b50ma24cdaybcbwb0015wb4a-nixos-system-nixos-26.11.20260905.c043004
