building the system configuration...
these 45 derivations will be built:
  /nix/store/1xdrjvm5ybfp6hbkwxw05mj50haf4241-unit-virtchd.service.drv
  /nix/store/20svi125sh5rvsiddxbhvj1f6c9661l6-unit-script-suid-sgid-wrappers-start.drv
  /nix/store/261misdmbi1nx1nky0gysv1lcl16q3bz-network.conf.drv
  /nix/store/36vv4z6iyy1014p001359gfa2b2prjnl-nixos.conf.drv
  /nix/store/29q515acf6wlx234c4lzdpdm5xfn75jj-X-Restart-Triggers-systemd-modules-load.drv
  /nix/store/4grgv7w29ypmjjg2hiaa0apxyvmj9c7z-users-groups.json.drv
  /nix/store/b5b86sx1w8q6a6kyyay8h0cziq6ijf61-system-path.drv
  /nix/store/3rgjm9c0dkhpxgz56y8ffh48sq6vyh2d-dbus-1.drv
  /nix/store/q2kh9k1h00p3cxcj0m67j6yn6lbjww3d-vhost-user.drv
  /nix/store/xs4h16vsrldrwrs3i0d5yi65n2lwlvsz-nixos-tmpfiles.d.drv
  /nix/store/7k69q9mfwm0cjwqqpzc6jg7b23l4nfmk-tmpfiles.d.drv
  /nix/store/b9najj6h8s62hf2z1hp5d0faw8qcp5dd-user-generators.drv
  /nix/store/khjcrwbigqwnmwwlj1njyzk2yic5nwja-X-Restart-Triggers-dbus-broker.drv
  /nix/store/5klwcaifqbwywwavqazcjccidpar4dvs-unit-dbus-broker.service.drv
  /nix/store/bplxnq78mzfbp0rcazzlw84pinxcki6r-user-units.drv
  /nix/store/hfls7ssarrx6c2xnhxfvyyrilpy6kp04-system-generators.drv
  /nix/store/j7x8x18ig95ad3srq28x7zq0b595w612-system-shutdown.drv
  /nix/store/kn338md7xfg9k14amb4lbw17rd7dmaia-etc-qemu-bridge.conf.drv
  /nix/store/pywzvnqggj1a6k3ar5g9cc2bdyaxjq7s-etc-polkit-1-rules.d-10-nixos.rules.drv
  /nix/store/3x7h763mrmncg0skb2lscm8cwkc8y1xr-unit-virtlogd.socket.drv
  /nix/store/71yna4136y987fmpy6nyqw8ydd8jypfz-unit-virtlockd.socket.drv
  /nix/store/73l8bclc6m3czhbwlnfi3xz8hj32dhsi-unit-systemd-modules-load.service.drv
  /nix/store/7z13i1zpg1vh6n468h7km5l3d0vsk9yy-unit-suid-sgid-wrappers.service.drv
  /nix/store/vqms7353ffhc51fs81li37li7mypkhxn-libvirtd.conf.drv
  /nix/store/dp2hv9xf8dxj5bz4dzkpa3y0hi10198l-unit-libvirtd.service.drv
  /nix/store/sx7hh9pr61if9cc99lvdg2214mmkv5vi-qemu.conf.drv
  /nix/store/jvpdkk0kbsqjgg8vikq8mrx9d1vblpxd-unit-script-libvirtd-config-start.drv
  /nix/store/i82mqa04rky0m0hc2kg4va9hnimv3v3f-unit-libvirtd-config.service.drv
  /nix/store/klhm0424filvxh45gh3cg6jshlai9c58-unit-virtlogd.service.drv
  /nix/store/n81a1rfacsann4wrqcqzp368g10hg01b-unit-virtlockd.service.drv
  /nix/store/nc3sfwz7dsv9m4b8nnn5p1k083jx7p24-unit-libvirtd.socket.drv
  /nix/store/nki7lddxnylx356psi1pxrj6517xlc5z-unit-dbus-broker.service.drv
  /nix/store/sasy95dyczpmn8gcl55i9a291yfi3hq9-unit-libvirt-guests.service.drv
  /nix/store/5m0la77i432lkp2r6kan2g0wil32np4x-X-Reload-Triggers-polkit.drv
  /nix/store/q2m3p7cqam3c4fbnxdghgkdmk35dpxsr-X-Restart-Triggers-polkit.drv
  /nix/store/zgxk4r3v5171xq7a60a8rgq44gdksxr4-unit-polkit.service.drv
  /nix/store/z81sbvjx6zl4p3gzdn6kq8nhkmgb9mr8-X-Restart-Triggers-systemd-tmpfiles-resetup.drv
  /nix/store/zn8x1pkhnis2yvam6q55dqfb7xaymh8c-unit-systemd-tmpfiles-resetup.service.drv
  /nix/store/wycjndjxv13lr9jmfm56qymkjml44rxr-system-units.drv
  /nix/store/xlg9c6kpqjkl0mah8bnbd7d5xrklbcbl-etc-ssh-ssh_config.drv
  /nix/store/pr6sassf33azyc7m25902llnka65b840-etc.drv
  /nix/store/37p0fli4lcnznmfnjjhgwip420a1dfc2-activate.drv
  /nix/store/jzljlha10a58dqr15lllsxswf0yzf9qf-ensure-all-wrappers-paths-exist.drv
  /nix/store/q69lwz9hrnqlxgrialv572d62zs5j9fb-dry-activate.drv
  /nix/store/fm6l1y83swqxxl25bbb1dlk35n4626gc-nixos-system-nixos-26.11.20260905.c043004.drv
these 63 paths will be fetched (281.1 MiB download, 1.3 GiB unpacked):
  /nix/store/sp9gw15d5jm18f55wxz0w375f0zbsm9m-OVMF-xen-202608-fd
  /nix/store/glpkdxqz3jzv51wagj2djjfnsf2w6k89-bridge-utils-1.7.1
  /nix/store/699w69i10c2nxgq2izxiz1m9l6lcihr6-brltty-6.9.1
  /nix/store/sg5bx8dsf75bq18p14xks2yqxx5adpi9-capstone-5.0.9
  /nix/store/gr6sc7kmn3px300rxh9z0b2x72gqbvvl-cloud-hypervisor-53.0
  /nix/store/vgp56311i9808r7iiy5jybx3mxq23pm3-dmidecode-3.7
  /nix/store/34li8vj6ls88896x3r6njqmanzvn5pc2-drbd-9.34.0
  /nix/store/yisnf9x3m0hm1ckhdrrhvk41ajlwmlz5-dtc-1.7.2
  /nix/store/i4k2q957c22rwn95qgpw5a7q9amqik8q-gfxstream-0.1.2
  /nix/store/6bl4ihkg4m4g5jdmndvlcvhvj9sm3b56-gtk-vnc-1.5.0
  /nix/store/jyb3vrhvvcyg3kcfair1gbnjkc5k061d-gtksourceview-4.8.4
  /nix/store/j1i7grf5vh7w3mbdfj79j1ai2cc6hpfd-inetutils-2.7
  /nix/store/7cz6v74y6xw193fg8sjb8psf6pjk2sx9-ipxe-2.0.0
  /nix/store/rbknyycpqkkwiq9ml4naqi1n45gmgj97-libburn-1.5.8
  /nix/store/3bpb49f664g8w9ahr288xzs5zx48hbcj-libcacard-2.8.2
  /nix/store/78wzxfc3km2s8acyfdlbw4a0hy69fkza-libiscsi-1.20.3
  /nix/store/xfdx25b9sjw4i6qylkd84gx3hy4n97vl-libisoburn-1.5.8.pl02
  /nix/store/dyp9r50fhnf337scmi2a1c4wjc9rj7gw-libisoburn-1.5.8.pl02-lib
  /nix/store/c093l713cijj2jm0s5n2qpshpd8f9sdh-libisofs-1.5.8.pl02
  /nix/store/myvwihv2qfq4jpw20vl1cv8d73kwvsbp-libnl-3.12.0-bin
  /nix/store/4lxhrlw5hc7mpjrsm6kf6n2lw70k0zz6-libslirp-4.9.3
  /nix/store/lmsp180wwxr9agvbjv2vqdb33g0gb0ly-libvirt-12.7.0
  /nix/store/wp8m5wkj4kgh3xfij3fibv5s41qjgi8q-libvirt-glib-5.0.0
  /nix/store/nz72vfqajnpi13xn1nqciwg31zzisdmr-libxml2-2.15.3-bin
  /nix/store/dr8a0ymg94br9ywajlvq92s3nfjvpv45-libxml2-2.15.3-dev
  /nix/store/hhm49y9lwj30wfg0yjx4qj5ics5r9j03-libxml2-2.15.3-py
  /nix/store/ingykslli72ms6mnzm8a5add2vnpipn9-multipath-tools-0.14.3
  /nix/store/6dp6invgl278qq9b4wk5yzkbrpwplxa7-nbd-3.27.1
  /nix/store/4xgcl4ddyx6pzfhyysccldmj1lfcas0g-nfs-utils-2.9.2
  /nix/store/bgxzalixbi9qvp2sqkf225flcx9x1v5j-nfs-utils-2.9.2-lib
  /nix/store/hwbk1wj5kmslfw6v7vr3imh2jalr7d3i-numad-0.5-unstable-2023-09-06
  /nix/store/jvpjp3zh9xdqskd8f1d2csl82yygb93j-open-iscsi-2.1.12
  /nix/store/2v0qrg7kydyr0xn5nd9mcp4lxkrlddmm-open-isns-0.103-lib
  /nix/store/rl5jw8rkanx2s9yi9mqwiiidj0wjzn57-openvswitch-4.0.0
  /nix/store/dbnaxh8gphmb5pymv0593c29hrnhpzzx-passt-2026_07_16.090d739
  /nix/store/0ad1dg65cqpvkin53c6sc8wa4kkh8qxj-phodav-3.0-lib
  /nix/store/ln9fhl6l1nmgdsai961xkif5p1axpns1-pm-utils-1.4.1
  /nix/store/il0lda6kj4wqj3jgiqhmqx43w2dj6b91-psmisc-23.7
  /nix/store/7n1mbkxm4axhghinsrn08lnsj26f0aql-python3.14-charset-normalizer-3.4.9
  /nix/store/bh5qxwskm0ca1i26qnq3dys0v7c0c2r3-python3.14-libvirt-python-12.7.0
  /nix/store/8hf816dv72vidzszxb0529511vwh4a1p-python3.14-requests-2.34.2
  /nix/store/gx222l0zm41h4zqrgpb07nc0brwpv3nk-qemu-11.1.0
  /nix/store/yhi36ga0c5dg2mh5xrnp06dmqxxpyc9c-qemu-11.1.0-doc
  /nix/store/bxgc917jljhc2qwk02d6hrr76iw4mg18-qemu-11.1.0-ga
  /nix/store/djgynf9ijpd28wr8wyq77mqxi20nqccm-qemu-ovmf-metadata
  /nix/store/05ibmwck66v7sh3826hwda061b1f92w7-rutabaga_gfx-0.1.6
  /nix/store/yyydhhwxr6lgh6q5f57r7y04ngx0f836-seabios-1.17.0
  /nix/store/iw6ndzlg7yalgqp94z3ddrawmqa4qpps-security-wrapper-qemu-bridge-helper-x86_64-unknown-linux-musl
  /nix/store/m8y2011d3b18fm6bfm5bcmmgsr1hjrqr-smartmontools-7.5
  /nix/store/a590xkfr4qkcwkh25i6kjw4lf8y87lc1-spice-0.16.0
  /nix/store/4d8s6n93xpziwis08y41zcwx5bx131cy-spice-gtk-0.43
  /nix/store/9fwzfb7l9p5w72iizqmav481f9ydfpp4-syslinux-unstable-2019-02-07
  /nix/store/6b85s5mbpsr5xj0rxsix8l8v1zw3ywgi-sysstat-12.7.7
  /nix/store/vylybvan9x6w1qvyirr2ikjd1scv94jn-tcl-8.6.16
  /nix/store/bn8jgfwnxv5dlf32yk6cf67lflhz1mfl-usbredir-0.15.0
  /nix/store/mvfmqlbyzsc4vfp3wlfa2xyvyklqqfx1-vde2-2.3.3
  /nix/store/89lww9f56n2wx8i0pa9vzbyg2npmm457-virglrenderer-1.3.0
  /nix/store/6bid10kjx8daihf9l52xr0gq2na30ygl-virt-manager-5.1.0
  /nix/store/8jbahq6vaz5fcinwq37663w7973y2jnh-virt-secret-init-encryption-sh
  /nix/store/92b0yblavvqwrh2lrfj3ga9v1ldgmcff-virt-viewer-11.0
  /nix/store/5zz5h90qbklz80277av7zr01bzk8jbnf-vte-0.84.1
  /nix/store/pnd6s7jylhbng96012fyx7nwv83813zw-xen-4.22.0
  /nix/store/dz1vfnhn550j74kbrv6nv1hp0g33q1x6-zfs-user-2.4.4
copying path '/nix/store/yhi36ga0c5dg2mh5xrnp06dmqxxpyc9c-qemu-11.1.0-doc' from 'https://cache.nixos.org'...
copying path '/nix/store/sp9gw15d5jm18f55wxz0w375f0zbsm9m-OVMF-xen-202608-fd' from 'https://cache.nixos.org'...
copying path '/nix/store/glpkdxqz3jzv51wagj2djjfnsf2w6k89-bridge-utils-1.7.1' from 'https://cache.nixos.org'...
copying path '/nix/store/sg5bx8dsf75bq18p14xks2yqxx5adpi9-capstone-5.0.9' from 'https://cache.nixos.org'...
copying path '/nix/store/vgp56311i9808r7iiy5jybx3mxq23pm3-dmidecode-3.7' from 'https://cache.nixos.org'...
copying path '/nix/store/yyydhhwxr6lgh6q5f57r7y04ngx0f836-seabios-1.17.0' from 'https://cache.nixos.org'...
copying path '/nix/store/yisnf9x3m0hm1ckhdrrhvk41ajlwmlz5-dtc-1.7.2' from 'https://cache.nixos.org'...
copying path '/nix/store/6bl4ihkg4m4g5jdmndvlcvhvj9sm3b56-gtk-vnc-1.5.0' from 'https://cache.nixos.org'...
copying path '/nix/store/jyb3vrhvvcyg3kcfair1gbnjkc5k061d-gtksourceview-4.8.4' from 'https://cache.nixos.org'...
copying path '/nix/store/78wzxfc3km2s8acyfdlbw4a0hy69fkza-libiscsi-1.20.3' from 'https://cache.nixos.org'...
copying path '/nix/store/3bpb49f664g8w9ahr288xzs5zx48hbcj-libcacard-2.8.2' from 'https://cache.nixos.org'...
copying path '/nix/store/4lxhrlw5hc7mpjrsm6kf6n2lw70k0zz6-libslirp-4.9.3' from 'https://cache.nixos.org'...
copying path '/nix/store/hwbk1wj5kmslfw6v7vr3imh2jalr7d3i-numad-0.5-unstable-2023-09-06' from 'https://cache.nixos.org'...
copying path '/nix/store/dbnaxh8gphmb5pymv0593c29hrnhpzzx-passt-2026_07_16.090d739' from 'https://cache.nixos.org'...
copying path '/nix/store/ln9fhl6l1nmgdsai961xkif5p1axpns1-pm-utils-1.4.1' from 'https://cache.nixos.org'...
copying path '/nix/store/7n1mbkxm4axhghinsrn08lnsj26f0aql-python3.14-charset-normalizer-3.4.9' from 'https://cache.nixos.org'...
building '/nix/store/pywzvnqggj1a6k3ar5g9cc2bdyaxjq7s-etc-polkit-1-rules.d-10-nixos.rules.drv'...
building '/nix/store/kn338md7xfg9k14amb4lbw17rd7dmaia-etc-qemu-bridge.conf.drv'...
building '/nix/store/36vv4z6iyy1014p001359gfa2b2prjnl-nixos.conf.drv'...
building '/nix/store/4grgv7w29ypmjjg2hiaa0apxyvmj9c7z-users-groups.json.drv'...
building '/nix/store/nc3sfwz7dsv9m4b8nnn5p1k083jx7p24-unit-libvirtd.socket.drv'...
building '/nix/store/71yna4136y987fmpy6nyqw8ydd8jypfz-unit-virtlockd.socket.drv'...
building '/nix/store/3x7h763mrmncg0skb2lscm8cwkc8y1xr-unit-virtlogd.socket.drv'...
building '/nix/store/vqms7353ffhc51fs81li37li7mypkhxn-libvirtd.conf.drv'...
building '/nix/store/q2kh9k1h00p3cxcj0m67j6yn6lbjww3d-vhost-user.drv'...
building '/nix/store/261misdmbi1nx1nky0gysv1lcl16q3bz-network.conf.drv'...
building '/nix/store/sx7hh9pr61if9cc99lvdg2214mmkv5vi-qemu.conf.drv'...
copying path '/nix/store/gr6sc7kmn3px300rxh9z0b2x72gqbvvl-cloud-hypervisor-53.0' from 'https://cache.nixos.org'...
copying path '/nix/store/34li8vj6ls88896x3r6njqmanzvn5pc2-drbd-9.34.0' from 'https://cache.nixos.org'...
copying path '/nix/store/i4k2q957c22rwn95qgpw5a7q9amqik8q-gfxstream-0.1.2' from 'https://cache.nixos.org'...
copying path '/nix/store/j1i7grf5vh7w3mbdfj79j1ai2cc6hpfd-inetutils-2.7' from 'https://cache.nixos.org'...
copying path '/nix/store/rbknyycpqkkwiq9ml4naqi1n45gmgj97-libburn-1.5.8' from 'https://cache.nixos.org'...
copying path '/nix/store/c093l713cijj2jm0s5n2qpshpd8f9sdh-libisofs-1.5.8.pl02' from 'https://cache.nixos.org'...
building '/nix/store/5m0la77i432lkp2r6kan2g0wil32np4x-X-Reload-Triggers-polkit.drv'...
building '/nix/store/29q515acf6wlx234c4lzdpdm5xfn75jj-X-Restart-Triggers-systemd-modules-load.drv'...
building '/nix/store/q69lwz9hrnqlxgrialv572d62zs5j9fb-dry-activate.drv'...
copying path '/nix/store/myvwihv2qfq4jpw20vl1cv8d73kwvsbp-libnl-3.12.0-bin' from 'https://cache.nixos.org'...
copying path '/nix/store/nz72vfqajnpi13xn1nqciwg31zzisdmr-libxml2-2.15.3-bin' from 'https://cache.nixos.org'...
copying path '/nix/store/ingykslli72ms6mnzm8a5add2vnpipn9-multipath-tools-0.14.3' from 'https://cache.nixos.org'...
copying path '/nix/store/6dp6invgl278qq9b4wk5yzkbrpwplxa7-nbd-3.27.1' from 'https://cache.nixos.org'...
building '/nix/store/73l8bclc6m3czhbwlnfi3xz8hj32dhsi-unit-systemd-modules-load.service.drv'...
copying path '/nix/store/bgxzalixbi9qvp2sqkf225flcx9x1v5j-nfs-utils-2.9.2-lib' from 'https://cache.nixos.org'...
copying path '/nix/store/2v0qrg7kydyr0xn5nd9mcp4lxkrlddmm-open-isns-0.103-lib' from 'https://cache.nixos.org'...
copying path '/nix/store/rl5jw8rkanx2s9yi9mqwiiidj0wjzn57-openvswitch-4.0.0' from 'https://cache.nixos.org'...
copying path '/nix/store/dr8a0ymg94br9ywajlvq92s3nfjvpv45-libxml2-2.15.3-dev' from 'https://cache.nixos.org'...
copying path '/nix/store/0ad1dg65cqpvkin53c6sc8wa4kkh8qxj-phodav-3.0-lib' from 'https://cache.nixos.org'...
copying path '/nix/store/jvpjp3zh9xdqskd8f1d2csl82yygb93j-open-iscsi-2.1.12' from 'https://cache.nixos.org'...
copying path '/nix/store/4xgcl4ddyx6pzfhyysccldmj1lfcas0g-nfs-utils-2.9.2' from 'https://cache.nixos.org'...
copying path '/nix/store/il0lda6kj4wqj3jgiqhmqx43w2dj6b91-psmisc-23.7' from 'https://cache.nixos.org'...
copying path '/nix/store/8hf816dv72vidzszxb0529511vwh4a1p-python3.14-requests-2.34.2' from 'https://cache.nixos.org'...
copying path '/nix/store/dyp9r50fhnf337scmi2a1c4wjc9rj7gw-libisoburn-1.5.8.pl02-lib' from 'https://cache.nixos.org'...
copying path '/nix/store/bxgc917jljhc2qwk02d6hrr76iw4mg18-qemu-11.1.0-ga' from 'https://cache.nixos.org'...
copying path '/nix/store/hhm49y9lwj30wfg0yjx4qj5ics5r9j03-libxml2-2.15.3-py' from 'https://cache.nixos.org'...
copying path '/nix/store/djgynf9ijpd28wr8wyq77mqxi20nqccm-qemu-ovmf-metadata' from 'https://cache.nixos.org'...
copying path '/nix/store/m8y2011d3b18fm6bfm5bcmmgsr1hjrqr-smartmontools-7.5' from 'https://cache.nixos.org'...
copying path '/nix/store/a590xkfr4qkcwkh25i6kjw4lf8y87lc1-spice-0.16.0' from 'https://cache.nixos.org'...
copying path '/nix/store/9fwzfb7l9p5w72iizqmav481f9ydfpp4-syslinux-unstable-2019-02-07' from 'https://cache.nixos.org'...
copying path '/nix/store/6b85s5mbpsr5xj0rxsix8l8v1zw3ywgi-sysstat-12.7.7' from 'https://cache.nixos.org'...
copying path '/nix/store/vylybvan9x6w1qvyirr2ikjd1scv94jn-tcl-8.6.16' from 'https://cache.nixos.org'...
building '/nix/store/xs4h16vsrldrwrs3i0d5yi65n2lwlvsz-nixos-tmpfiles.d.drv'...
building '/nix/store/7k69q9mfwm0cjwqqpzc6jg7b23l4nfmk-tmpfiles.d.drv'...
building '/nix/store/z81sbvjx6zl4p3gzdn6kq8nhkmgb9mr8-X-Restart-Triggers-systemd-tmpfiles-resetup.drv'...
building '/nix/store/zn8x1pkhnis2yvam6q55dqfb7xaymh8c-unit-systemd-tmpfiles-resetup.service.drv'...
copying path '/nix/store/bn8jgfwnxv5dlf32yk6cf67lflhz1mfl-usbredir-0.15.0' from 'https://cache.nixos.org'...
copying path '/nix/store/mvfmqlbyzsc4vfp3wlfa2xyvyklqqfx1-vde2-2.3.3' from 'https://cache.nixos.org'...
copying path '/nix/store/89lww9f56n2wx8i0pa9vzbyg2npmm457-virglrenderer-1.3.0' from 'https://cache.nixos.org'...
copying path '/nix/store/8jbahq6vaz5fcinwq37663w7973y2jnh-virt-secret-init-encryption-sh' from 'https://cache.nixos.org'...
copying path '/nix/store/5zz5h90qbklz80277av7zr01bzk8jbnf-vte-0.84.1' from 'https://cache.nixos.org'...
copying path '/nix/store/4d8s6n93xpziwis08y41zcwx5bx131cy-spice-gtk-0.43' from 'https://cache.nixos.org'...
copying path '/nix/store/xfdx25b9sjw4i6qylkd84gx3hy4n97vl-libisoburn-1.5.8.pl02' from 'https://cache.nixos.org'...
copying path '/nix/store/dz1vfnhn550j74kbrv6nv1hp0g33q1x6-zfs-user-2.4.4' from 'https://cache.nixos.org'...
copying path '/nix/store/05ibmwck66v7sh3826hwda061b1f92w7-rutabaga_gfx-0.1.6' from 'https://cache.nixos.org'...
copying path '/nix/store/7cz6v74y6xw193fg8sjb8psf6pjk2sx9-ipxe-2.0.0' from 'https://cache.nixos.org'...
copying path '/nix/store/699w69i10c2nxgq2izxiz1m9l6lcihr6-brltty-6.9.1' from 'https://cache.nixos.org'...
copying path '/nix/store/gx222l0zm41h4zqrgpb07nc0brwpv3nk-qemu-11.1.0' from 'https://cache.nixos.org'...
building '/nix/store/1xdrjvm5ybfp6hbkwxw05mj50haf4241-unit-virtchd.service.drv'...
copying path '/nix/store/pnd6s7jylhbng96012fyx7nwv83813zw-xen-4.22.0' from 'https://cache.nixos.org'...
copying path '/nix/store/lmsp180wwxr9agvbjv2vqdb33g0gb0ly-libvirt-12.7.0' from 'https://cache.nixos.org'...
copying path '/nix/store/wp8m5wkj4kgh3xfij3fibv5s41qjgi8q-libvirt-glib-5.0.0' from 'https://cache.nixos.org'...
copying path '/nix/store/bh5qxwskm0ca1i26qnq3dys0v7c0c2r3-python3.14-libvirt-python-12.7.0' from 'https://cache.nixos.org'...
building '/nix/store/xlg9c6kpqjkl0mah8bnbd7d5xrklbcbl-etc-ssh-ssh_config.drv'...
building '/nix/store/hfls7ssarrx6c2xnhxfvyyrilpy6kp04-system-generators.drv'...
building '/nix/store/j7x8x18ig95ad3srq28x7zq0b595w612-system-shutdown.drv'...
building '/nix/store/sasy95dyczpmn8gcl55i9a291yfi3hq9-unit-libvirt-guests.service.drv'...
building '/nix/store/n81a1rfacsann4wrqcqzp368g10hg01b-unit-virtlockd.service.drv'...
building '/nix/store/klhm0424filvxh45gh3cg6jshlai9c58-unit-virtlogd.service.drv'...
building '/nix/store/b9najj6h8s62hf2z1hp5d0faw8qcp5dd-user-generators.drv'...
copying path '/nix/store/92b0yblavvqwrh2lrfj3ga9v1ldgmcff-virt-viewer-11.0' from 'https://cache.nixos.org'...
copying path '/nix/store/6bid10kjx8daihf9l52xr0gq2na30ygl-virt-manager-5.1.0' from 'https://cache.nixos.org'...
copying path '/nix/store/iw6ndzlg7yalgqp94z3ddrawmqa4qpps-security-wrapper-qemu-bridge-helper-x86_64-unknown-linux-musl' from 'https://cache.nixos.org'...
building '/nix/store/jzljlha10a58dqr15lllsxswf0yzf9qf-ensure-all-wrappers-paths-exist.drv'...
building '/nix/store/b5b86sx1w8q6a6kyyay8h0cziq6ijf61-system-path.drv'...
building '/nix/store/dp2hv9xf8dxj5bz4dzkpa3y0hi10198l-unit-libvirtd.service.drv'...
building '/nix/store/jvpdkk0kbsqjgg8vikq8mrx9d1vblpxd-unit-script-libvirtd-config-start.drv'...
building '/nix/store/20svi125sh5rvsiddxbhvj1f6c9661l6-unit-script-suid-sgid-wrappers-start.drv'...
building '/nix/store/i82mqa04rky0m0hc2kg4va9hnimv3v3f-unit-libvirtd-config.service.drv'...
building '/nix/store/7z13i1zpg1vh6n468h7km5l3d0vsk9yy-unit-suid-sgid-wrappers.service.drv'...
building '/nix/store/q2m3p7cqam3c4fbnxdghgkdmk35dpxsr-X-Restart-Triggers-polkit.drv'...
building '/nix/store/3rgjm9c0dkhpxgz56y8ffh48sq6vyh2d-dbus-1.drv'...
building '/nix/store/zgxk4r3v5171xq7a60a8rgq44gdksxr4-unit-polkit.service.drv'...
building '/nix/store/khjcrwbigqwnmwwlj1njyzk2yic5nwja-X-Restart-Triggers-dbus-broker.drv'...
building '/nix/store/5klwcaifqbwywwavqazcjccidpar4dvs-unit-dbus-broker.service.drv'...
building '/nix/store/nki7lddxnylx356psi1pxrj6517xlc5z-unit-dbus-broker.service.drv'...
building '/nix/store/bplxnq78mzfbp0rcazzlw84pinxcki6r-user-units.drv'...
building '/nix/store/wycjndjxv13lr9jmfm56qymkjml44rxr-system-units.drv'...
building '/nix/store/pr6sassf33azyc7m25902llnka65b840-etc.drv'...
building '/nix/store/37p0fli4lcnznmfnjjhgwip420a1dfc2-activate.drv'...
building '/nix/store/fm6l1y83swqxxl25bbb1dlk35n4626gc-nixos-system-nixos-26.11.20260905.c043004.drv'...
Checking switch inhibitors... done
Skipping "/boot/EFI/systemd/systemd-bootx64.efi", same boot loader version in place already.
Skipping "/boot/EFI/BOOT/BOOTX64.EFI", same boot loader version in place already.
stopping the following units: polkit.service, systemd-modules-load.service
activating the configuration...
setting up /etc...
reloading user units for slider...
reloading the following user units: dbus-broker.service
restarting the following user units: nixos-activation.service
restarting sysinit-reactivation.target
reloading the following units: dbus-broker.service
starting the following units: polkit.service, systemd-modules-load.service
the following new units were started: libvirt-guests.service, libvirtd-admin.socket, libvirtd-ro.socket, libvirtd.service, libvirtd.socket, machine.slice, NetworkManager-dispatcher.service, sys-devices-virtual-misc-tun.device, sys-module-tun.device, sysinit-reactivation.target, systemd-machined.service, systemd-tmpfiles-resetup.service, virt-guest-shutdown.target, virtlockd.socket, virtlogd.socket
Done. The new configuration is /nix/store/697arz9my9md091624p17xfnwysclkkf-nixos-system-nixos-26.11.20260905.c043004
