building the system configuration...
these 4 derivations will be built:
  /nix/store/s2l0246xmb4b4c2i21bc0krrncngip1x-etc-polkit-1-rules.d-50-libvirt.rules.drv
  /nix/store/p6ipkj6wccbbmwn8h8fnf4y28n0f4jma-etc.drv
  /nix/store/k3ng9b7zvd34dvkjayq649msajxfbbvb-activate.drv
  /nix/store/51finlibjyjibfdh61ici349gnwbp6vd-nixos-system-nixos-26.11.20260905.c043004.drv
building '/nix/store/s2l0246xmb4b4c2i21bc0krrncngip1x-etc-polkit-1-rules.d-50-libvirt.rules.drv'...
building '/nix/store/p6ipkj6wccbbmwn8h8fnf4y28n0f4jma-etc.drv'...
building '/nix/store/k3ng9b7zvd34dvkjayq649msajxfbbvb-activate.drv'...
building '/nix/store/51finlibjyjibfdh61ici349gnwbp6vd-nixos-system-nixos-26.11.20260905.c043004.drv'...
Checking switch inhibitors... done
Skipping "/boot/EFI/systemd/systemd-bootx64.efi", same boot loader version in place already.
Skipping "/boot/EFI/BOOT/BOOTX64.EFI", same boot loader version in place already.
activating the configuration...
setting up /etc...
reloading user units for slider...
restarting the following user units: nixos-activation.service
restarting sysinit-reactivation.target
the following new units were started: libvirtd.service, NetworkManager-dispatcher.service
Done. The new configuration is /nix/store/va6qdldckjmd0fd3gzixsm1pmri20jx2-nixos-system-nixos-26.11.20260905.c043004
