building the system configuration...
these 29 derivations will be built:
  /nix/store/jgl4r8ksya8yfi1hx940plp22sf37v9f-nixos-generated-dconf-keyfiles.drv
  /nix/store/s6km73jjp9i4b1s1i48xd5sk9f19zvn8-nixos-generated-dconf-locks.drv
  /nix/store/11hkr6pj41pw6crvqwb5yxv2jlzq96g4-nixos-generated-dconf-keyfiles.drv
  /nix/store/1d0rfh8rnrjk6likqbz22acnrc8v7hxa-extra-udev-rules.drv
  /nix/store/1vrvgh5w8w4rhn4wx2q5znv0p3nnw49n-system-path.drv
  /nix/store/2n95akm9nkv1sifs4vhixmsa431x77jb-security-wrapper-spice-client-glib-usb-acl-helper-x86_64-unknown-linux-musl.drv
  /nix/store/2n9g1dba2rcbgfr812wc8lhdmxmg80fa-unit-spice-vdagentd.service.drv
  /nix/store/715lxsi8pdr5l4rdack3wa4d3bqnp3zm-X-Restart-Triggers-polkit.drv
  /nix/store/7ab4zz89isxyydi0nfyww66nibrbi2v6-unit-polkit.service.drv
  /nix/store/ghshxf57jr9s18yh1r50ir1vwc4gsbg2-unit-qemu-guest-agent.service.drv
  /nix/store/4pcpb4l84sa35grh9gi4dfwps10gxhxg-udev-rules.drv
  /nix/store/y0fkab0ly6n6647ll30w5vqi78ml5935-X-Restart-Triggers-systemd-udevd.drv
  /nix/store/qciplsaa356wbrb0pvn4lcg035yjsipn-unit-systemd-udevd.service.drv
  /nix/store/abnqaqwss0q6a123x7rmaw81gnkxn0kq-unit-script-suid-sgid-wrappers-start.drv
  /nix/store/rnjy22f6yc5cn8603xb36irq9255lj2w-unit-suid-sgid-wrappers.service.drv
  /nix/store/rjx2bvvqk4a304awrsamnga6817yfapl-dbus-1.drv
  /nix/store/z10ghrbqnm6rsbqkfa9i3lb9vxr4zhln-X-Restart-Triggers-dbus-broker.drv
  /nix/store/z897hnswh7xz0f1x00bqz1k2g3dn9938-unit-dbus-broker.service.drv
  /nix/store/3j6q034k9wjz3ncnyq5a3c0m77z88pq5-system-units.drv
  /nix/store/hb3b9z87z7mw33krwg72c3wx7x52g15i-dconf-db.drv
  /nix/store/ql9r8bll53r2clng5icmr0pcrihdr3qs-user.drv
  /nix/store/cdlc8lfgybswajx21b5fhabmn0aavids-dconf-system-config.drv
  /nix/store/fxi1alc25bz6k3np7bw9v6jy0i0ljp19-hwdb.bin.drv
  /nix/store/gh893y0h08l1wzlm33l979549jqnv2hi-ensure-all-wrappers-paths-exist.drv
  /nix/store/qnp2q49lkg602fx7r161gnfh3b42ix5m-unit-dbus-broker.service.drv
  /nix/store/nn291aqq168w5qakf8g7gqa8iamr4449-user-units.drv
  /nix/store/xfd8i30dfj9f64gkr4b36xdiwahrr39i-etc.drv
  /nix/store/sghry43djl4inl5lp92vplarridy8k5j-activate.drv
  /nix/store/n36hmjln2z0bi3cmjdn13wgncm1hy8ha-nixos-system-nixos-26.11.20260905.c043004.drv
these 3 paths will be fetched (457.1 KiB download, 1.3 MiB unpacked):
  /nix/store/cb4wqc0gxzkb9pzdwgpy6nfba7p6d5ca-qemu-host-cpu-only-11.1.0-ga
  /nix/store/pfi8fxqha3y6mbh58qkjfl07mldyp1xm-spice-gtk-0.43-man
  /nix/store/ds3d3id0lri340lzg94gcv97aljw5hj7-spice-vdagent-0.23.0
copying path '/nix/store/pfi8fxqha3y6mbh58qkjfl07mldyp1xm-spice-gtk-0.43-man' from 'https://cache.nixos.org'...
copying path '/nix/store/ds3d3id0lri340lzg94gcv97aljw5hj7-spice-vdagent-0.23.0' from 'https://cache.nixos.org'...
building '/nix/store/gh893y0h08l1wzlm33l979549jqnv2hi-ensure-all-wrappers-paths-exist.drv'...
copying path '/nix/store/cb4wqc0gxzkb9pzdwgpy6nfba7p6d5ca-qemu-host-cpu-only-11.1.0-ga' from 'https://cache.nixos.org'...
building '/nix/store/1d0rfh8rnrjk6likqbz22acnrc8v7hxa-extra-udev-rules.drv'...
building '/nix/store/2n95akm9nkv1sifs4vhixmsa431x77jb-security-wrapper-spice-client-glib-usb-acl-helper-x86_64-unknown-linux-musl.drv'...
building '/nix/store/jgl4r8ksya8yfi1hx940plp22sf37v9f-nixos-generated-dconf-keyfiles.drv'...
building '/nix/store/s6km73jjp9i4b1s1i48xd5sk9f19zvn8-nixos-generated-dconf-locks.drv'...
building '/nix/store/fxi1alc25bz6k3np7bw9v6jy0i0ljp19-hwdb.bin.drv'...
building '/nix/store/1vrvgh5w8w4rhn4wx2q5znv0p3nnw49n-system-path.drv'...
building '/nix/store/4pcpb4l84sa35grh9gi4dfwps10gxhxg-udev-rules.drv'...
building '/nix/store/ghshxf57jr9s18yh1r50ir1vwc4gsbg2-unit-qemu-guest-agent.service.drv'...
building '/nix/store/2n9g1dba2rcbgfr812wc8lhdmxmg80fa-unit-spice-vdagentd.service.drv'...
building '/nix/store/11hkr6pj41pw6crvqwb5yxv2jlzq96g4-nixos-generated-dconf-keyfiles.drv'...
building '/nix/store/abnqaqwss0q6a123x7rmaw81gnkxn0kq-unit-script-suid-sgid-wrappers-start.drv'...
building '/nix/store/hb3b9z87z7mw33krwg72c3wx7x52g15i-dconf-db.drv'...
building '/nix/store/y0fkab0ly6n6647ll30w5vqi78ml5935-X-Restart-Triggers-systemd-udevd.drv'...
building '/nix/store/rnjy22f6yc5cn8603xb36irq9255lj2w-unit-suid-sgid-wrappers.service.drv'...
building '/nix/store/715lxsi8pdr5l4rdack3wa4d3bqnp3zm-X-Restart-Triggers-polkit.drv'...
building '/nix/store/rjx2bvvqk4a304awrsamnga6817yfapl-dbus-1.drv'...
building '/nix/store/qciplsaa356wbrb0pvn4lcg035yjsipn-unit-systemd-udevd.service.drv'...
building '/nix/store/ql9r8bll53r2clng5icmr0pcrihdr3qs-user.drv'...
building '/nix/store/z10ghrbqnm6rsbqkfa9i3lb9vxr4zhln-X-Restart-Triggers-dbus-broker.drv'...
building '/nix/store/7ab4zz89isxyydi0nfyww66nibrbi2v6-unit-polkit.service.drv'...
building '/nix/store/cdlc8lfgybswajx21b5fhabmn0aavids-dconf-system-config.drv'...
building '/nix/store/qnp2q49lkg602fx7r161gnfh3b42ix5m-unit-dbus-broker.service.drv'...
building '/nix/store/z897hnswh7xz0f1x00bqz1k2g3dn9938-unit-dbus-broker.service.drv'...
building '/nix/store/nn291aqq168w5qakf8g7gqa8iamr4449-user-units.drv'...
building '/nix/store/3j6q034k9wjz3ncnyq5a3c0m77z88pq5-system-units.drv'...
building '/nix/store/xfd8i30dfj9f64gkr4b36xdiwahrr39i-etc.drv'...
building '/nix/store/sghry43djl4inl5lp92vplarridy8k5j-activate.drv'...
building '/nix/store/n36hmjln2z0bi3cmjdn13wgncm1hy8ha-nixos-system-nixos-26.11.20260905.c043004.drv'...
Checking switch inhibitors... done
Skipping "/boot/EFI/systemd/systemd-bootx64.efi", same boot loader version in place already.
Skipping "/boot/EFI/BOOT/BOOTX64.EFI", same boot loader version in place already.
stopping the following units: polkit.service
activating the configuration...
setting up /etc...
reloading user units for slider...
reloading the following user units: dbus-broker.service
restarting the following user units: nixos-activation.service
restarting sysinit-reactivation.target
reloading the following units: dbus-broker.service
restarting the following units: systemd-udevd.service
starting the following units: polkit.service
the following new units were started: libvirtd-admin.socket, libvirtd-ro.socket, libvirtd.service, libvirtd.socket, NetworkManager-dispatcher.service, spice-vdagentd.service
Done. The new configuration is /nix/store/30jph6n5kmxa5ibv503a203jycchk7xa-nixos-system-nixos-26.11.20260905.c043004
