building the system configuration...
these 6 derivations will be built:
  /nix/store/9nzlw0jcy2rk1ggfj83xxr5fr71g8ww7-unit-libvirtd.service.drv
  /nix/store/9r3lzg6dcawylqz155jpzlyccacpqfma-etc-libvirt-libvirtd.conf.drv
  /nix/store/bq9lkl1jf5y20l8zy758ig6sd5q5sb32-system-units.drv
  /nix/store/v9pidn35bpqx8ggmwnk6pvhiqgis4cq1-etc.drv
  /nix/store/ag2lphf6x43pfx251107lj7xa560mzpn-activate.drv
  /nix/store/y2i3wl3h791cl1mvy59xs33ap4w4ni1h-nixos-system-nixos-26.11.20260905.c043004.drv
building '/nix/store/9r3lzg6dcawylqz155jpzlyccacpqfma-etc-libvirt-libvirtd.conf.drv'...
building '/nix/store/9nzlw0jcy2rk1ggfj83xxr5fr71g8ww7-unit-libvirtd.service.drv'...
building '/nix/store/bq9lkl1jf5y20l8zy758ig6sd5q5sb32-system-units.drv'...
building '/nix/store/v9pidn35bpqx8ggmwnk6pvhiqgis4cq1-etc.drv'...
building '/nix/store/ag2lphf6x43pfx251107lj7xa560mzpn-activate.drv'...
building '/nix/store/y2i3wl3h791cl1mvy59xs33ap4w4ni1h-nixos-system-nixos-26.11.20260905.c043004.drv'...
Checking switch inhibitors... done
Skipping "/boot/EFI/systemd/systemd-bootx64.efi", same boot loader version in place already.
Skipping "/boot/EFI/BOOT/BOOTX64.EFI", same boot loader version in place already.
activating the configuration...
setting up /etc...
reloading user units for slider...
restarting the following user units: nixos-activation.service
restarting sysinit-reactivation.target
the following new units were started: NetworkManager-dispatcher.service
Done. The new configuration is /nix/store/9lwrp5czsma4w8l276fsxpx5zn2n66s0-nixos-system-nixos-26.11.20260905.c043004
