building the system configuration...
these 6 derivations will be built:
  /nix/store/vv1ky4g2jhgk565jd5axjbm800llyaam-etc-modprobe.d-nixos.conf.drv
  /nix/store/4xj26xlc93aymafq0jl255cvx21wmg5v-initrd-linux-7.2.3.drv
  /nix/store/sh6f8vgrwzmxyr5ra50x1c12jvqw8n2m-boot.json.drv
  /nix/store/xhn7pszpc700hsllwm2bb7q3nd8dj946-etc.drv
  /nix/store/xfy2mjbn80hpiwgvvll941p6gizrrws9-activate.drv
  /nix/store/mw3vyqf1jc40hziv9yl717gizdvpqzv0-nixos-system-nixos-26.11.20260905.c043004.drv
building '/nix/store/vv1ky4g2jhgk565jd5axjbm800llyaam-etc-modprobe.d-nixos.conf.drv'...
building '/nix/store/xhn7pszpc700hsllwm2bb7q3nd8dj946-etc.drv'...
building '/nix/store/4xj26xlc93aymafq0jl255cvx21wmg5v-initrd-linux-7.2.3.drv'...
building '/nix/store/xfy2mjbn80hpiwgvvll941p6gizrrws9-activate.drv'...
building '/nix/store/sh6f8vgrwzmxyr5ra50x1c12jvqw8n2m-boot.json.drv'...
building '/nix/store/mw3vyqf1jc40hziv9yl717gizdvpqzv0-nixos-system-nixos-26.11.20260905.c043004.drv'...
Checking switch inhibitors... done
Skipping "/boot/EFI/systemd/systemd-bootx64.efi", same boot loader version in place already.
Skipping "/boot/EFI/BOOT/BOOTX64.EFI", same boot loader version in place already.
activating the configuration...
setting up /etc...
reloading user units for slider...
restarting the following user units: nixos-activation.service
restarting sysinit-reactivation.target
the following new units were started: NetworkManager-dispatcher.service
Done. The new configuration is /nix/store/mqnvi9b6k5xqbzcp3a7q9hiwxbbkk8fi-nixos-system-nixos-26.11.20260905.c043004
