building the system configuration...
these 7 derivations will be built:
  /nix/store/9k4lchfpv9iyla0s73w7jdw75vqbcrgx-etc-polkit-1-rules.d-10-nixos.rules.drv
  /nix/store/dysdw0rmazqrrnvq0bqh5y9wqga741z1-X-Reload-Triggers-polkit.drv
  /nix/store/3ryrmz0anns5319kg3saa44v9kdjpg36-unit-polkit.service.drv
  /nix/store/mfh7yrx7rghm699wsrghnkk2z1g935iy-system-units.drv
  /nix/store/dxyahglbjn7l4kjsp7hk8b8xvdzn3im7-etc.drv
  /nix/store/8q6732d2s7pshg9w4iklf54crv243ix1-activate.drv
  /nix/store/3rcapqhm634wi4nwlfjqflkx0cwaggw5-nixos-system-nixos-26.11.20260905.c043004.drv
building '/nix/store/9k4lchfpv9iyla0s73w7jdw75vqbcrgx-etc-polkit-1-rules.d-10-nixos.rules.drv'...
building '/nix/store/dysdw0rmazqrrnvq0bqh5y9wqga741z1-X-Reload-Triggers-polkit.drv'...
building '/nix/store/3ryrmz0anns5319kg3saa44v9kdjpg36-unit-polkit.service.drv'...
building '/nix/store/mfh7yrx7rghm699wsrghnkk2z1g935iy-system-units.drv'...
building '/nix/store/dxyahglbjn7l4kjsp7hk8b8xvdzn3im7-etc.drv'...
building '/nix/store/8q6732d2s7pshg9w4iklf54crv243ix1-activate.drv'...
building '/nix/store/3rcapqhm634wi4nwlfjqflkx0cwaggw5-nixos-system-nixos-26.11.20260905.c043004.drv'...
Checking switch inhibitors... done
Skipping "/boot/EFI/systemd/systemd-bootx64.efi", same boot loader version in place already.
Skipping "/boot/EFI/BOOT/BOOTX64.EFI", same boot loader version in place already.
activating the configuration...
setting up /etc...
removing obsolete symlink ‘/etc/polkit-1/rules.d/50-libvirt.rules’...
reloading user units for slider...
restarting the following user units: nixos-activation.service
restarting sysinit-reactivation.target
reloading the following units: polkit.service
the following new units were started: libvirtd.service, NetworkManager-dispatcher.service
Done. The new configuration is /nix/store/rvwb531hn8gqlbc7nbfssip7h6hihwxi-nixos-system-nixos-26.11.20260905.c043004
