building the system configuration...
these 5 derivations will be built:
  /nix/store/lnrj47lf6yxbibmvvi9pnvm2cv6m50qb-xsession-wrapper.drv
  /nix/store/wjbyk62j5aipjrjd4wx8s6vhl5rlqiiz-config.ini.drv
  /nix/store/m1q4dw7d4z5lzi6vw5hxrd23yqlqzrcd-etc.drv
  /nix/store/wpi0nrprsg3vyrgvkq19yzizbr1k6biw-activate.drv
  /nix/store/yz63fbhszdadflsmbzlcr15xxmr1p6p4-nixos-system-nixos-26.11.20260905.c043004.drv
building '/nix/store/lnrj47lf6yxbibmvvi9pnvm2cv6m50qb-xsession-wrapper.drv'...
building '/nix/store/wjbyk62j5aipjrjd4wx8s6vhl5rlqiiz-config.ini.drv'...
building '/nix/store/m1q4dw7d4z5lzi6vw5hxrd23yqlqzrcd-etc.drv'...
building '/nix/store/wpi0nrprsg3vyrgvkq19yzizbr1k6biw-activate.drv'...
building '/nix/store/yz63fbhszdadflsmbzlcr15xxmr1p6p4-nixos-system-nixos-26.11.20260905.c043004.drv'...
Checking switch inhibitors... done
Skipping "/boot/EFI/systemd/systemd-bootx64.efi", same boot loader version in place already.
Skipping "/boot/EFI/BOOT/BOOTX64.EFI", same boot loader version in place already.
activating the configuration...
setting up /etc...
removing obsolete symlink ‘/etc/libvirt/libvirtd.conf’...
reloading user units for slider...
restarting the following user units: nixos-activation.service
restarting sysinit-reactivation.target
the following new units were started: NetworkManager-dispatcher.service
Done. The new configuration is /nix/store/4b77rkfacwnjgki93dxxfvy0n2xi03a9-nixos-system-nixos-26.11.20260905.c043004
