warning: Git tree '/home/slider/nixos' is dirty
these 2 paths will be fetched (92.1 KiB download, 419.2 KiB unpacked):
  /nix/store/hxxgpmyg1g2z1jy063n4fbzvm4y9mk0l-nix-2.34.8
  /nix/store/pahgksw4sbaxp6zxdk1272670j9z785a-nixos-rebuild-ng-26.11
copying path '/nix/store/hxxgpmyg1g2z1jy063n4fbzvm4y9mk0l-nix-2.34.8' from 'https://cache.nixos.org'...
copying path '/nix/store/pahgksw4sbaxp6zxdk1272670j9z785a-nixos-rebuild-ng-26.11' from 'https://cache.nixos.org'...
building the system configuration...
warning: Git tree '/home/slider/nixos' is dirty
these 78 derivations will be built:
  /nix/store/crkc42z5yjyvdjg44xvlazm2hlb34kxf-graphics-drivers-32bit.drv
  /nix/store/v07mrq3aqpb9sb79r0gah7nihga5ff6n-graphics-drivers.drv
  /nix/store/0nq76xzjw2kzl8n9pid3abg7vnd6mwm3-graphics-driver.conf.drv
  /nix/store/cr5gc6zavvx8i5ysqd5sd00bibx57nng-tmpfiles.d.drv
  /nix/store/jni88mwzvnbp41ds0pfzq9ddlgrjjy2p-X-Restart-Triggers-systemd-tmpfiles-resetup.drv
  /nix/store/066qwli01r3k28hp2yg8fyb7vkf6pxn7-unit-systemd-tmpfiles-resetup.service.drv
  /nix/store/3mls4nwha0gw4s50p46415720yh7nnn1-nixos-manual-html.drv
  /nix/store/ifndqqkg25n5yhg4a50f7kh05nxw6y0l-nixos-help.drv
  /nix/store/5i3dwb47fvn71bsz0c69f48ib7x90nrj-nixos-help.drv
  /nix/store/9wb8bq045slnqj5jbkys1m36xx1rpnps-nixos-version.drv
  /nix/store/c6nliid6vx7y27hicvifx7y4y2qa5bf1-steam-1.0.0.87-fhsenv-rootfs.drv
  /nix/store/m2dq32m2ypjq2k8qqwdzamdk6fn3l5z5-steam-1.0.0.87-bwrap.drv
  /nix/store/k6xhz94jdv7ninlcfb8gz47a8mqr1jc0-steam-1.0.0.87.drv
  /nix/store/xp0mnwz58j0pgj4fb7c0qsi4imm27v19-command-not-found.drv
  /nix/store/0z4c0k7mga7sjn4097wdqlygxzpw924w-steam-run-1.0.0.87-fhsenv-rootfs.drv
  /nix/store/yhzxi6425kqxkh0m7blhqx2wb0i4n5dh-steam-run-1.0.0.87-bwrap.drv
  /nix/store/zgx4c4jf7ng3zxgc6i85pr0ci8ci6i27-steam-run-1.0.0.87.drv
  /nix/store/g8vg1ng8yy01ir8809rs42vhljhn3axz-system-path.drv
  /nix/store/0pp8cs9bcg0miwabz1h0n99cv734d55q-X-Restart-Triggers-polkit.drv
  /nix/store/1mgp2r6d8glj5yrfv15czzzsbf4jpski-desktops.drv
  /nix/store/26rg994kvapm27rqbs8ngh4mzfdyy664-hwdb.bin.drv
  /nix/store/zhryx2q53xianv9v7q6rs6b9zlam0s99-etc-os-release.drv
  /nix/store/34jhynpv0g0dbw59kr94l2qznsnpqb91-shutdown-ramfs-contents.json.drv
  /nix/store/jg7wx6cwi1152s5jxfaapwcmbxrzhyng-unit-script-nix-gc-start.drv
  /nix/store/3wq55yljwvly4fpdihak5lrgad5c7wvs-unit-nix-gc.service.drv
  /nix/store/570d1i64n0fya4a53n34rkf8r3nw84a9-etc-nix-registry.json.drv
  /nix/store/63agxfk85635x8dgvmxsbip48whabfzd-system-shutdown.drv
  /nix/store/9siyx9kdrka5cpqdmf111whp7pn6bvbf-font-dirs.drv
  /nix/store/cbb9diiqk9vgs0mdxwkxb8lc9gpkcx0a-fc-cache.drv
  /nix/store/xrkaknxkhwqs1i2lhaahdi3jv919wb4c-fc-00-nixos-cache.conf.drv
  /nix/store/6wh4sngfa4r265jfxwp39ifjgf2s91fn-fontconfig-conf.drv
  /nix/store/788ab2a0cg9d04x3d6nwidmrjwnybil3-firmware.drv
  /nix/store/mh9a6plav7lc58dx8qcprmgli92k57dr-dbus-1.drv
  /nix/store/fm31pm1zl54c1f3cvzmrc84qwrsw1zfm-X-Restart-Triggers-dbus-broker.drv
  /nix/store/7bw79gpdz70235cy4ghnsabpm3spi16s-unit-dbus-broker.service.drv
  /nix/store/8gy2nrj2aw05h1h2fmrr4jcx0zqfh9rj-linux-7.2.3-modules.drv
  /nix/store/8qai602jlz3fa8b9z7ign0wzbys6jz9i-unit-nix-optimise.service.drv
  /nix/store/9lx1c54sxsfzpr8ic54919753084sin3-nix.conf.drv
  /nix/store/nx12bjfjq6c7y0nn533c3dxv7mjwwjiz-linux-7.2.3-modules-shrunk.drv
  /nix/store/9qwfj97wihhl8kddn9vwidcjr9xpd935-initrd-linux-7.2.3.drv
  /nix/store/9yaaphczz0x8jjqz23j0x4l7n9867jng-etc-bashrc.drv
  /nix/store/awknacw9288nmck6hr7l90hpxx9krlln-gamescope.drv
  /nix/store/ap79w88lv9dpbmqm7ay42f7hkdfcxssv-security-wrapper-gamescope-x86_64-unknown-linux-musl.drv
  /nix/store/brsjagjg1bkwvs20lnxc3bh5v62kpwsg-fontconfig-etc.drv
  /nix/store/i886wa98wyajcqaqwixcl72qagkywfv4-udev-rules.drv
  /nix/store/rv7gf2kry2kzcxa8iij4xjha6dyv7pg3-X-Restart-Triggers-systemd-udevd.drv
  /nix/store/cqv73v9l03gdkdfd86mg92gj1vzj8wds-unit-systemd-udevd.service.drv
  /nix/store/gskffrgmdf4sk64p22ppcb07s4v7gfgn-etc-systemd-journald.conf.drv
  /nix/store/jn7432zsik2147j50ipfhkp1bin0dxxp-X-Restart-Triggers-systemd-journald.drv
  /nix/store/ghcpn39wqxbp4l0lz108ivamc7f3gbnj-unit-systemd-journald.service.drv
  /nix/store/i6aiiiafc9xlxbika32yag3chm87cx5j-unit-polkit.service.drv
  /nix/store/qs685zbdpbjzmqsnmsj3p5hx9d34di5k-X-Restart-Triggers-nix-daemon.drv
  /nix/store/jncs7y5hl6j9c9dnpr67m3yz885vkwvz-unit-nix-daemon.service.drv
  /nix/store/j1ma80dy7lmdg935zwyvv4mn1mrcyvsy-X-Restart-Triggers-systemd-journald-.drv
  /nix/store/rf3hrswxwqq7masjv7pl1x8cszqxpfwr-unit-systemd-journald-.service.drv
  /nix/store/w3ki9yvplf8vdrxl8fivz14k3mi1388s-unit-generate-shutdown-ramfs.service.drv
  /nix/store/psla4fxm77jyyh6fyb1bw83vk4aks8j1-unit-script-suid-sgid-wrappers-start.drv
  /nix/store/xl7sz46fm876cj4p6ngkivgh9ylsg42n-unit-suid-sgid-wrappers.service.drv
  /nix/store/d5f9r1mpv4034g2r076s3h7jifgrpa2p-system-units.drv
  /nix/store/dkz4zm1bylx6dx5x9bqcr08siqbslz8q-unit-dbus-broker.service.drv
  /nix/store/g5hhrgc9fvg51y5hdjmhwk1c3ldxalkk-etc-modprobe.d-firmware.conf.drv
  /nix/store/x5szhwdimdhwngcsghwiq0g0y28n224q-unit-wireplumber.service.drv
  /nix/store/gmqvz35c9a00jmk9bczg22bn93b1y7f6-user-units.drv
  /nix/store/h15i9216rpfm81bmpn5167rlp6jinrf1-etc-profile.d-01-system-aliases.sh.drv
  /nix/store/i49h3pgbsgg5jm68p29ckpfq5fsn920v-set-environment.drv
  /nix/store/w9a9v4zngyqbxa85m54k46pwrd5kdkkk-systemd-boot.drv
  /nix/store/j8m8151zaphknyx7smhvlj5y4vh6acaf-install-systemd-boot.sh.drv
  /nix/store/marisxchrzmbiqmhxjsvh9l4gqcg7iqx-etc-pam-environment.drv
  /nix/store/pna82343lff837kd6ccph57w5d8c5n71-issue.drv
  /nix/store/q0k08x3z13hrjc8j6glczbkkh231brqr-etc-profile.drv
  /nix/store/sh7qr5m7cxzj9f5y4dg73nbwr6y2d0rj-user-generators.drv
  /nix/store/xpvxysz4wpgz42q4qwb9km64raxrxf1l-system-generators.drv
  /nix/store/yd3171hpi67scfrj0swdjcnrxlwjnk4m-config.ini.drv
  /nix/store/rmpi9vbisfbwfrz57w5ywvsg9cjhpy8n-etc.drv
  /nix/store/jrdaacbq44m8png0biqhjrw3zp32y48i-activate.drv
  /nix/store/k3w9n2vhm9jzk1k7mzhhg54z3fmmjzpn-ensure-all-wrappers-paths-exist.drv
  /nix/store/pwryf43jpc3d5ihvb3khnblqnfc1rgw4-boot.json.drv
  /nix/store/xrh83ygivb4wi9nq8fcv3f858af6wi5d-nixos-system-nixos-26.11.20260905.c043004.drv
these 45 paths will be fetched (970.1 MiB download, 2.8 GiB unpacked):
  /nix/store/qx9g9z2xi61gdhdhgp6r5znk729yl6j0-55-nixos-aslr-entropy.conf
  /nix/store/xy1dr7gp4csx0la5vl133va3rvh10zy2-brave-1.94.117
  /nix/store/cgz9pgf5bj6r8029gh0a231xj7cyz3zs-exiv2-0.28.9-lib
  /nix/store/pg2z7m95qyxqxaa3vjrh1n3mwxxqmdxq-file-roller-44.7
  /nix/store/vbhsnplc9qgjpb16smhbvvmb0l2xvij0-gamescope-3.16.28
  /nix/store/dvy8c9c1jx59j8fpf8j04vhhcabk9b5n-gexiv2-0.16.2
  /nix/store/5livlp5sfyb1y4jqi6ca4rva2mmp83ba-gnome-online-accounts-3.58.1
  /nix/store/c4i9l1wa857ng3ivg5ql2mc01fdd2hzs-gvfs-1.60.2
  /nix/store/p8scxbs2jpjmdg9hbvl56c53npz5dspa-gvfs-1.60.2
  /nix/store/mi2ig708wfadp4fbwcw1f90h1pd21n5l-libdisplay-info-0.3.0
  /nix/store/kywl9qaf9l5gvzz0yffx3c6r1wi1mp29-libdisplay-info-0.4.0
  /nix/store/rvnndr8z6j9ybgc7bfbrvbhylyf3wi5j-libdisplay-info-0.4.0
  /nix/store/mrr2gbhijdlyk2rps6iah8i4hrvb2dq0-libmsgraph-0.3.4
  /nix/store/mg0rl9s403gs9k9570cxf9s382y322mq-libmtp-1.1.23
  /nix/store/vr25a1d2qn4axg70shf8xa9dsijlg4d9-libreoffice-26.2.5.2
  /nix/store/lyiylpn0jwripfmjspnx1cyhbi9p0p4y-libreoffice-26.2.5.2-wrapped
  /nix/store/4f2m1k8c5ih0fa6zh8762k4s6pa6bw0p-linux-7.2.3
  /nix/store/h54411ar93f3y1abp3imi95bsypfhxwg-linux-7.2.3-modules
  /nix/store/zr2k3b9xywq74ifjcvcjjc3xa3sfyd03-localsearch-3.11.1
  /nix/store/4jdjwnvvi9wbi4nm101gs148hhn5j86y-lufus-1.0.0b1.1
  /nix/store/if9b5j29zsxzd3h06qj8rg4crvr2xanf-mesa-26.2.2
  /nix/store/ppphyhp48gzdji3q9q945gmamy4rrj3f-mesa-26.2.2
  /nix/store/dwjfxmrkykkvscnr25ay8acfk08p6a4d-nautilus-50.2.2
  /nix/store/hjnbgr7nxarxj53z7l3mcrdwvd2d8xh5-nemo-6.6.4
  /nix/store/y5sdfds59a23yz99nbr6wzx494qnjvln-nemo-6.6.4-man
  /nix/store/fqyra6r57xdzjf44654bxw4jq3yrjbbh-nemo-fileroller-6.6.0
  /nix/store/xy0dswrgvwlcd0zkspxgax7b7p48vr16-nil-2026-07-23
  /nix/store/sbqxfd3jg151yhhm2k29ai0pyjgs600x-niri-26.04
  /nix/store/midnfx6qv6sq1vx4jggb30ydjq9vhnlv-niri-26.04-doc
  /nix/store/s8387pmkqbvkb4gvk7fhl3qn12f0128k-nix-2.34.8-doc
  /nix/store/ghhh83izk60llh9f5zgkp83vgzn7dqbk-nix-2.34.8-man
  /nix/store/lbfqqiw0356zfjm04rzv3cgyyxzn2wig-nixos-configuration-reference-manpage
  /nix/store/ysmdn5c41aj46x9876hlsn93pnm689xh-nixos-option-26.11
  /nix/store/c318zd3h7j4h5ksngzwq36an1adj0gj6-nixos-render-docs-0.0
  /nix/store/3jya7ivkqchibqk1vr0l3wbsa4winxdh-options.json
  /nix/store/swnwq6rvbq39y14fh09l7wcz4c4g8s5r-options.json
  /nix/store/yp19ijncmjxfhchggl642mfi54rf9gvx-python3.13-pyqt6-6.11.0
  /nix/store/ziyf6lpc7zhcfjmj3fk2r5phq6n4mnx8-python3.13-pyqt6-6.11.0-dev
  /nix/store/649hrwwvr1pbyzccy4dqkw8r52g700x3-unifont-17.0.05
  /nix/store/jp3fsqalnpasxw38d58w3cl20ym4lrsl-unifont-17.0.05-bin
  /nix/store/0ll69182xs00r4fkj63djrcbsyg7r54w-unifont-17.0.05-man
  /nix/store/6566vmz5bw2r67zx2kgsz4z3jcsk4ddz-waybar-0.15.0
  /nix/store/f4d7lczadfx5frw4ycpp6ayajlh9m921-wireless-regdb-2026.09.03-zstd
  /nix/store/f4hrsqdk1z9c0sl6qv0cbb9fg2h1bm5j-wireplumber-0.5.17
  /nix/store/vfjf6x7bxxrhzhzs03yxcvi4gfi8z3xx-wireplumber-0.5.17-doc
copying path '/nix/store/4f2m1k8c5ih0fa6zh8762k4s6pa6bw0p-linux-7.2.3' from 'https://cache.nixos.org'...
copying path '/nix/store/qx9g9z2xi61gdhdhgp6r5znk729yl6j0-55-nixos-aslr-entropy.conf' from 'https://cache.nixos.org'...
copying path '/nix/store/h54411ar93f3y1abp3imi95bsypfhxwg-linux-7.2.3-modules' from 'https://cache.nixos.org'...
copying path '/nix/store/y5sdfds59a23yz99nbr6wzx494qnjvln-nemo-6.6.4-man' from 'https://cache.nixos.org'...
copying path '/nix/store/midnfx6qv6sq1vx4jggb30ydjq9vhnlv-niri-26.04-doc' from 'https://cache.nixos.org'...
copying path '/nix/store/lbfqqiw0356zfjm04rzv3cgyyxzn2wig-nixos-configuration-reference-manpage' from 'https://cache.nixos.org'...
copying path '/nix/store/f4d7lczadfx5frw4ycpp6ayajlh9m921-wireless-regdb-2026.09.03-zstd' from 'https://cache.nixos.org'...
copying path '/nix/store/vfjf6x7bxxrhzhzs03yxcvi4gfi8z3xx-wireplumber-0.5.17-doc' from 'https://cache.nixos.org'...
copying path '/nix/store/xy1dr7gp4csx0la5vl133va3rvh10zy2-brave-1.94.117' from 'https://cache.nixos.org'...
copying path '/nix/store/vbhsnplc9qgjpb16smhbvvmb0l2xvij0-gamescope-3.16.28' from 'https://cache.nixos.org'...
copying path '/nix/store/xy0dswrgvwlcd0zkspxgax7b7p48vr16-nil-2026-07-23' from 'https://cache.nixos.org'...
copying path '/nix/store/ghhh83izk60llh9f5zgkp83vgzn7dqbk-nix-2.34.8-man' from 'https://cache.nixos.org'...
copying path '/nix/store/s8387pmkqbvkb4gvk7fhl3qn12f0128k-nix-2.34.8-doc' from 'https://cache.nixos.org'...
copying path '/nix/store/ysmdn5c41aj46x9876hlsn93pnm689xh-nixos-option-26.11' from 'https://cache.nixos.org'...
copying path '/nix/store/f4hrsqdk1z9c0sl6qv0cbb9fg2h1bm5j-wireplumber-0.5.17' from 'https://cache.nixos.org'...
copying path '/nix/store/mi2ig708wfadp4fbwcw1f90h1pd21n5l-libdisplay-info-0.3.0' from 'https://cache.nixos.org'...
building '/nix/store/xp0mnwz58j0pgj4fb7c0qsi4imm27v19-command-not-found.drv'...
building '/nix/store/570d1i64n0fya4a53n34rkf8r3nw84a9-etc-nix-registry.json.drv'...
building '/nix/store/zhryx2q53xianv9v7q6rs6b9zlam0s99-etc-os-release.drv'...
building '/nix/store/h15i9216rpfm81bmpn5167rlp6jinrf1-etc-profile.d-01-system-aliases.sh.drv'...
building '/nix/store/gskffrgmdf4sk64p22ppcb07s4v7gfgn-etc-systemd-journald.conf.drv'...
building '/nix/store/pna82343lff837kd6ccph57w5d8c5n71-issue.drv'...
building '/nix/store/9lx1c54sxsfzpr8ic54919753084sin3-nix.conf.drv'...
building '/nix/store/9wb8bq045slnqj5jbkys1m36xx1rpnps-nixos-version.drv'...
building '/nix/store/w9a9v4zngyqbxa85m54k46pwrd5kdkkk-systemd-boot.drv'...
building '/nix/store/8qai602jlz3fa8b9z7ign0wzbys6jz9i-unit-nix-optimise.service.drv'...
building '/nix/store/jg7wx6cwi1152s5jxfaapwcmbxrzhyng-unit-script-nix-gc-start.drv'...
copying path '/nix/store/cgz9pgf5bj6r8029gh0a231xj7cyz3zs-exiv2-0.28.9-lib' from 'https://cache.nixos.org'...
copying path '/nix/store/rvnndr8z6j9ybgc7bfbrvbhylyf3wi5j-libdisplay-info-0.4.0' from 'https://cache.nixos.org'...
copying path '/nix/store/kywl9qaf9l5gvzz0yffx3c6r1wi1mp29-libdisplay-info-0.4.0' from 'https://cache.nixos.org'...
copying path '/nix/store/vr25a1d2qn4axg70shf8xa9dsijlg4d9-libreoffice-26.2.5.2' from 'https://cache.nixos.org'...
copying path '/nix/store/mg0rl9s403gs9k9570cxf9s382y322mq-libmtp-1.1.23' from 'https://cache.nixos.org'...
copying path '/nix/store/c318zd3h7j4h5ksngzwq36an1adj0gj6-nixos-render-docs-0.0' from 'https://cache.nixos.org'...
copying path '/nix/store/3jya7ivkqchibqk1vr0l3wbsa4winxdh-options.json' from 'https://cache.nixos.org'...
copying path '/nix/store/swnwq6rvbq39y14fh09l7wcz4c4g8s5r-options.json' from 'https://cache.nixos.org'...
building '/nix/store/j1ma80dy7lmdg935zwyvv4mn1mrcyvsy-X-Restart-Triggers-systemd-journald-.drv'...
building '/nix/store/jn7432zsik2147j50ipfhkp1bin0dxxp-X-Restart-Triggers-systemd-journald.drv'...
building '/nix/store/788ab2a0cg9d04x3d6nwidmrjwnybil3-firmware.drv'...
building '/nix/store/34jhynpv0g0dbw59kr94l2qznsnpqb91-shutdown-ramfs-contents.json.drv'...
copying path '/nix/store/sbqxfd3jg151yhhm2k29ai0pyjgs600x-niri-26.04' from 'https://cache.nixos.org'...
building '/nix/store/qs685zbdpbjzmqsnmsj3p5hx9d34di5k-X-Restart-Triggers-nix-daemon.drv'...
building '/nix/store/9yaaphczz0x8jjqz23j0x4l7n9867jng-etc-bashrc.drv'...
building '/nix/store/j8m8151zaphknyx7smhvlj5y4vh6acaf-install-systemd-boot.sh.drv'...
building '/nix/store/3wq55yljwvly4fpdihak5lrgad5c7wvs-unit-nix-gc.service.drv'...
building '/nix/store/rf3hrswxwqq7masjv7pl1x8cszqxpfwr-unit-systemd-journald-.service.drv'...
building '/nix/store/ghcpn39wqxbp4l0lz108ivamc7f3gbnj-unit-systemd-journald.service.drv'...
copying path '/nix/store/yp19ijncmjxfhchggl642mfi54rf9gvx-python3.13-pyqt6-6.11.0' from 'https://cache.nixos.org'...
copying path '/nix/store/649hrwwvr1pbyzccy4dqkw8r52g700x3-unifont-17.0.05' from 'https://cache.nixos.org'...
copying path '/nix/store/0ll69182xs00r4fkj63djrcbsyg7r54w-unifont-17.0.05-man' from 'https://cache.nixos.org'...
copying path '/nix/store/jp3fsqalnpasxw38d58w3cl20ym4lrsl-unifont-17.0.05-bin' from 'https://cache.nixos.org'...
building '/nix/store/26rg994kvapm27rqbs8ngh4mzfdyy664-hwdb.bin.drv'...
building '/nix/store/i886wa98wyajcqaqwixcl72qagkywfv4-udev-rules.drv'...
building '/nix/store/w3ki9yvplf8vdrxl8fivz14k3mi1388s-unit-generate-shutdown-ramfs.service.drv'...
building '/nix/store/jncs7y5hl6j9c9dnpr67m3yz885vkwvz-unit-nix-daemon.service.drv'...
copying path '/nix/store/p8scxbs2jpjmdg9hbvl56c53npz5dspa-gvfs-1.60.2' from 'https://cache.nixos.org'...
building '/nix/store/g5hhrgc9fvg51y5hdjmhwk1c3ldxalkk-etc-modprobe.d-firmware.conf.drv'...
building '/nix/store/x5szhwdimdhwngcsghwiq0g0y28n224q-unit-wireplumber.service.drv'...
copying path '/nix/store/if9b5j29zsxzd3h06qj8rg4crvr2xanf-mesa-26.2.2' from 'https://cache.nixos.org'...
building '/nix/store/rv7gf2kry2kzcxa8iij4xjha6dyv7pg3-X-Restart-Triggers-systemd-udevd.drv'...
copying path '/nix/store/ppphyhp48gzdji3q9q945gmamy4rrj3f-mesa-26.2.2' from 'https://cache.nixos.org'...
building '/nix/store/cqv73v9l03gdkdfd86mg92gj1vzj8wds-unit-systemd-udevd.service.drv'...
copying path '/nix/store/6566vmz5bw2r67zx2kgsz4z3jcsk4ddz-waybar-0.15.0' from 'https://cache.nixos.org'...
copying path '/nix/store/dvy8c9c1jx59j8fpf8j04vhhcabk9b5n-gexiv2-0.16.2' from 'https://cache.nixos.org'...
copying path '/nix/store/zr2k3b9xywq74ifjcvcjjc3xa3sfyd03-localsearch-3.11.1' from 'https://cache.nixos.org'...
copying path '/nix/store/5livlp5sfyb1y4jqi6ca4rva2mmp83ba-gnome-online-accounts-3.58.1' from 'https://cache.nixos.org'...
copying path '/nix/store/hjnbgr7nxarxj53z7l3mcrdwvd2d8xh5-nemo-6.6.4' from 'https://cache.nixos.org'...
building '/nix/store/awknacw9288nmck6hr7l90hpxx9krlln-gamescope.drv'...
building '/nix/store/k3w9n2vhm9jzk1k7mzhhg54z3fmmjzpn-ensure-all-wrappers-paths-exist.drv'...
building '/nix/store/ap79w88lv9dpbmqm7ay42f7hkdfcxssv-security-wrapper-gamescope-x86_64-unknown-linux-musl.drv'...
building '/nix/store/3mls4nwha0gw4s50p46415720yh7nnn1-nixos-manual-html.drv'...
copying path '/nix/store/dwjfxmrkykkvscnr25ay8acfk08p6a4d-nautilus-50.2.2' from 'https://cache.nixos.org'...
building '/nix/store/psla4fxm77jyyh6fyb1bw83vk4aks8j1-unit-script-suid-sgid-wrappers-start.drv'...
building '/nix/store/xl7sz46fm876cj4p6ngkivgh9ylsg42n-unit-suid-sgid-wrappers.service.drv'...
copying path '/nix/store/mrr2gbhijdlyk2rps6iah8i4hrvb2dq0-libmsgraph-0.3.4' from 'https://cache.nixos.org'...
copying path '/nix/store/c4i9l1wa857ng3ivg5ql2mc01fdd2hzs-gvfs-1.60.2' from 'https://cache.nixos.org'...
building '/nix/store/ifndqqkg25n5yhg4a50f7kh05nxw6y0l-nixos-help.drv'...
copying path '/nix/store/pg2z7m95qyxqxaa3vjrh1n3mwxxqmdxq-file-roller-44.7' from 'https://cache.nixos.org'...
building '/nix/store/5i3dwb47fvn71bsz0c69f48ib7x90nrj-nixos-help.drv'...
copying path '/nix/store/ziyf6lpc7zhcfjmj3fk2r5phq6n4mnx8-python3.13-pyqt6-6.11.0-dev' from 'https://cache.nixos.org'...
copying path '/nix/store/4jdjwnvvi9wbi4nm101gs148hhn5j86y-lufus-1.0.0b1.1' from 'https://cache.nixos.org'...
copying path '/nix/store/fqyra6r57xdzjf44654bxw4jq3yrjbbh-nemo-fileroller-6.6.0' from 'https://cache.nixos.org'...
building '/nix/store/9siyx9kdrka5cpqdmf111whp7pn6bvbf-font-dirs.drv'...
building '/nix/store/cbb9diiqk9vgs0mdxwkxb8lc9gpkcx0a-fc-cache.drv'...
building '/nix/store/xrkaknxkhwqs1i2lhaahdi3jv919wb4c-fc-00-nixos-cache.conf.drv'...
building '/nix/store/6wh4sngfa4r265jfxwp39ifjgf2s91fn-fontconfig-conf.drv'...
building '/nix/store/brsjagjg1bkwvs20lnxc3bh5v62kpwsg-fontconfig-etc.drv'...
building '/nix/store/1mgp2r6d8glj5yrfv15czzzsbf4jpski-desktops.drv'...
building '/nix/store/xpvxysz4wpgz42q4qwb9km64raxrxf1l-system-generators.drv'...
building '/nix/store/63agxfk85635x8dgvmxsbip48whabfzd-system-shutdown.drv'...
building '/nix/store/sh7qr5m7cxzj9f5y4dg73nbwr6y2d0rj-user-generators.drv'...
building '/nix/store/yd3171hpi67scfrj0swdjcnrxlwjnk4m-config.ini.drv'...
building '/nix/store/marisxchrzmbiqmhxjsvh9l4gqcg7iqx-etc-pam-environment.drv'...
building '/nix/store/i49h3pgbsgg5jm68p29ckpfq5fsn920v-set-environment.drv'...
building '/nix/store/q0k08x3z13hrjc8j6glczbkkh231brqr-etc-profile.drv'...
building '/nix/store/v07mrq3aqpb9sb79r0gah7nihga5ff6n-graphics-drivers.drv'...
building '/nix/store/crkc42z5yjyvdjg44xvlazm2hlb34kxf-graphics-drivers-32bit.drv'...
building '/nix/store/c6nliid6vx7y27hicvifx7y4y2qa5bf1-steam-1.0.0.87-fhsenv-rootfs.drv'...
building '/nix/store/0z4c0k7mga7sjn4097wdqlygxzpw924w-steam-run-1.0.0.87-fhsenv-rootfs.drv'...
building '/nix/store/0nq76xzjw2kzl8n9pid3abg7vnd6mwm3-graphics-driver.conf.drv'...
building '/nix/store/cr5gc6zavvx8i5ysqd5sd00bibx57nng-tmpfiles.d.drv'...
building '/nix/store/jni88mwzvnbp41ds0pfzq9ddlgrjjy2p-X-Restart-Triggers-systemd-tmpfiles-resetup.drv'...
building '/nix/store/066qwli01r3k28hp2yg8fyb7vkf6pxn7-unit-systemd-tmpfiles-resetup.service.drv'...
building '/nix/store/yhzxi6425kqxkh0m7blhqx2wb0i4n5dh-steam-run-1.0.0.87-bwrap.drv'...
building '/nix/store/m2dq32m2ypjq2k8qqwdzamdk6fn3l5z5-steam-1.0.0.87-bwrap.drv'...
building '/nix/store/zgx4c4jf7ng3zxgc6i85pr0ci8ci6i27-steam-run-1.0.0.87.drv'...
building '/nix/store/k6xhz94jdv7ninlcfb8gz47a8mqr1jc0-steam-1.0.0.87.drv'...
building '/nix/store/8gy2nrj2aw05h1h2fmrr4jcx0zqfh9rj-linux-7.2.3-modules.drv'...
building '/nix/store/nx12bjfjq6c7y0nn533c3dxv7mjwwjiz-linux-7.2.3-modules-shrunk.drv'...
building '/nix/store/9qwfj97wihhl8kddn9vwidcjr9xpd935-initrd-linux-7.2.3.drv'...
building '/nix/store/pwryf43jpc3d5ihvb3khnblqnfc1rgw4-boot.json.drv'...
copying path '/nix/store/lyiylpn0jwripfmjspnx1cyhbi9p0p4y-libreoffice-26.2.5.2-wrapped' from 'https://cache.nixos.org'...
building '/nix/store/g8vg1ng8yy01ir8809rs42vhljhn3axz-system-path.drv'...
building '/nix/store/0pp8cs9bcg0miwabz1h0n99cv734d55q-X-Restart-Triggers-polkit.drv'...
building '/nix/store/mh9a6plav7lc58dx8qcprmgli92k57dr-dbus-1.drv'...
building '/nix/store/i6aiiiafc9xlxbika32yag3chm87cx5j-unit-polkit.service.drv'...
building '/nix/store/fm31pm1zl54c1f3cvzmrc84qwrsw1zfm-X-Restart-Triggers-dbus-broker.drv'...
building '/nix/store/7bw79gpdz70235cy4ghnsabpm3spi16s-unit-dbus-broker.service.drv'...
building '/nix/store/dkz4zm1bylx6dx5x9bqcr08siqbslz8q-unit-dbus-broker.service.drv'...
building '/nix/store/d5f9r1mpv4034g2r076s3h7jifgrpa2p-system-units.drv'...
building '/nix/store/gmqvz35c9a00jmk9bczg22bn93b1y7f6-user-units.drv'...
building '/nix/store/rmpi9vbisfbwfrz57w5ywvsg9cjhpy8n-etc.drv'...
building '/nix/store/jrdaacbq44m8png0biqhjrw3zp32y48i-activate.drv'...
building '/nix/store/xrh83ygivb4wi9nq8fcv3f858af6wi5d-nixos-system-nixos-26.11.20260905.c043004.drv'...
Not checking switch inhibitors (action = boot)
Skipping "/boot/EFI/systemd/systemd-bootx64.efi", same boot loader version in place already.
Skipping "/boot/EFI/BOOT/BOOTX64.EFI", same boot loader version in place already.
Done. The new configuration is /nix/store/8baanxa0zf5071c50d7nxgc6hsfcjnw9-nixos-system-nixos-26.11.20260905.c043004
